============================= test session starts =============================
platform win32 -- Python 3.14.3, pytest-8.3.5, pluggy-1.6.0 -- C:\Users\Admin\playwright_pjt\saucedemo-playwright\saucedemo-playwright\venv\Scripts\python.exe
cachedir: .pytest_cache
rootdir: C:\Users\Admin\playwright_pjt\saucedemo-playwright\saucedemo-playwright
configfile: pytest.ini
plugins: base-url-2.1.0, playwright-0.5.0
collecting ... collected 0 items

============================ no tests ran in 0.03s ============================
